Microchip MPLAB XC8 Compiler V1.37 ()

Linker command line:

--edf=C:\Program Files (x86)\Microchip\xc8\v1.37\dat\en_msgs.txt -cs \
  -h+dist/default/debug\Voltmeter.X.debug.sym \
  --cmf=dist/default/debug\Voltmeter.X.debug.cmf -z -Q16F84A \
  -oC:\Users\micha\AppData\Local\Temp\suk.2 \
  -Mdist/default/debug/Voltmeter.X.debug.map -E1 -ver=XC8 -ASTACK=03Fh-04dh \
  -pstack=STACK -ACODE=00h-03FFh -ASTRCODE=00h-03FFh -ASTRING=00h-0FFhx4 \
  -ACONST=00h-0FFhx4 -AENTRY=00h-0FFhx4 -ABANK0=0Ch-04Dh -ARAM=0Ch-04Dh \
  -AABS1=0Ch-04Fh -ACOMMON=04Eh-04Fh -ASFR0=00h-0Bh -ASFR1=080h-0CDh \
  -preset_vec=00h,intentry,init,end_init -ppowerup=CODE -pcinit=CODE \
  -pfunctab=CODE -ACONFIG=02007h-02007h -pconfig=CONFIG -DCONFIG=2 \
  -AIDLOC=02000h-02003h -pidloc=IDLOC -DIDLOC=2 -AEEDATA=00h-03Fh/02100h \
  -peeprom_data=EEDATA -DEEDATA=2 -DCODE=2 -DSTRCODE=2 -DSTRING=2 -DCONST=2 \
  -DENTRY=2 -k C:\Users\micha\AppData\Local\Temp\suk.obj \
  dist/default/debug\Voltmeter.X.debug.obj 

Object code version is 3.11

Machine type is 16F84A



                Name                               Link     Load   Length Selector   Space Scale
C:\Users\micha\AppData\Local\Temp\suk.obj
                end_init                              0        0        1        0       0
                config                             2007     2007        1     400E       0
dist/default/debug\Voltmeter.X.debug.obj
                cinit                               3FC      3FC        4      7F8       0
                text18                               D6       D6       17      1AC       0
                text17                               AF       AF       13      15E       0
                text16                               80       80        5      100       0
                text15                              10F      10F       25      21E       0
                text14                              134      134       2A      268       0
                text13                              15E      15E       31      2BC       0
                text12                              22A      22A       3D      454       0
                text11                              18F      18F       33      31E       0
                text10                              2A9      2A9       5C      552       0
                text9                                9D       9D       12      13A       0
                text8                                ED       ED       22      1DA       0
                text7                               305      305       67      60A       0
                text6                                85       85        9      10A       0
                text5                                8E       8E        F      11C       0
                text4                               1C2      1C2       34      384       0
                text3                               267      267       42      4CE       0
                text2                                C2       C2       14      184       0
                text1                               36C      36C       90      6D8       0
                maintext                            1F6      1F6       34      3EC       0
                cstackBANK0                           C        C       31        C       1
                bssBANK0                             3D       3D        2        C       1
                strings                               1        1       2E        2       0

TOTAL           Name                               Link     Load   Length     Space
        CLASS   STACK          

        CLASS   CODE           
                end_init                              0        0        1         0
                cinit                               3FC      3FC        4         0
                text18                               D6       D6       17         0
                text17                               AF       AF       13         0
                text16                               80       80        5         0
                text15                              10F      10F       25         0
                text14                              134      134       2A         0
                text13                              15E      15E       31         0
                text12                              22A      22A       3D         0
                text11                              18F      18F       33         0
                text10                              2A9      2A9       5C         0
                text9                                9D       9D       12         0
                text8                                ED       ED       22         0
                text7                               305      305       67         0
                text6                                85       85        9         0
                text5                                8E       8E        F         0
                text4                               1C2      1C2       34         0
                text3                               267      267       42         0
                text2                                C2       C2       14         0
                text1                               36C      36C       90         0
                maintext                            1F6      1F6       34         0

        CLASS   STRCODE        

        CLASS   STRING         
                strings                               1        1       2E         0

        CLASS   CONST          

        CLASS   ENTRY          

        CLASS   BANK0          
                cstackBANK0                           C        C       31         1
                bssBANK0                             3D       3D        2         1

        CLASS   RAM            

        CLASS   ABS1           
                abs_s1                               4E       4E        2         1

        CLASS   COMMON         

        CLASS   SFR0           

        CLASS   SFR1           

        CLASS   CONFIG         
                config                             2007     2007        1         0

        CLASS   IDLOC          

        CLASS   EEDATA         

        CLASS   BANK1          



SEGMENTS        Name                           Load    Length   Top    Selector   Space  Class     Delta

                reset_vec                      000000  000001  000001         0       0  CODE        2
                strings                        000001  00002E  00002F         2       0  STRING      2
                cstackBANK0                    00000C  000033  00003F         C       1  BANK0       1
                text16                         000080  000005  000085       100       0  CODE        2
                text6                          000085  000009  00008E       10A       0  CODE        2
                text5                          00008E  00000F  00009D       11C       0  CODE        2
                text9                          00009D  000012  0000AF       13A       0  CODE        2
                text17                         0000AF  000013  0000C2       15E       0  CODE        2
                text2                          0000C2  000014  0000D6       184       0  CODE        2
                text18                         0000D6  000017  0000ED       1AC       0  CODE        2
                text8                          0000ED  000022  00010F       1DA       0  CODE        2
                text15                         00010F  000025  000134       21E       0  CODE        2
                text14                         000134  00002A  00015E       268       0  CODE        2
                text13                         00015E  000031  00018F       2BC       0  CODE        2
                text11                         00018F  000033  0001C2       31E       0  CODE        2
                text4                          0001C2  000034  0001F6       384       0  CODE        2
                maintext                       0001F6  000034  00022A       3EC       0  CODE        2
                text12                         00022A  00003D  000267       454       0  CODE        2
                text3                          000267  000042  0002A9       4CE       0  CODE        2
                text10                         0002A9  00005C  000305       552       0  CODE        2
                text7                          000305  000067  00036C       60A       0  CODE        2
                text1                          00036C  000090  0003FC       6D8       0  CODE        2
                cinit                          0003FC  000004  000400       7F8       0  CODE        2
                config                         002007  000001  002008      400E       0  CONFIG      2


UNUSED ADDRESS RANGES

        Name                Unused          Largest block    Delta
        BANK0            003F-004D              F           1
        CODE             002F-007F             51           2
        CONST            002F-007F             51           2
        EEDATA           2100-213F             40           2
        ENTRY            002F-007F             51           2
        IDLOC            2000-2003              4           2
        RAM              003F-004D              F           1
        SFR0             0000-000B              C           1
        SFR1             0080-00CD             4E           1
        STACK            003F-004D              F           1
        STRCODE          002F-007F             51           2
        STRING           002F-007F             51           2

                                  Symbol Table

?___lwdiv                  cstackBANK0  0012
?___lwmod                  cstackBANK0  0012
?___wmul                   cstackBANK0  000C
?_readADC                  cstackBANK0  000C
Lcd_Cmd@a                  cstackBANK0  000F
Lcd_Port@a                 cstackBANK0  000C
Lcd_Set_Cursor@a           cstackBANK0  0013
Lcd_Set_Cursor@b           cstackBANK0  0010
Lcd_Set_Cursor@temp        cstackBANK0  0016
Lcd_Set_Cursor@y           cstackBANK0  0015
Lcd_Set_Cursor@z           cstackBANK0  0014
Lcd_Write_Char@a           cstackBANK0  0010
Lcd_Write_Char@temp        cstackBANK0  000E
Lcd_Write_Char@y           cstackBANK0  000F
Lcd_Write_Int@a            cstackBANK0  0023
Lcd_Write_Int@temp         cstackBANK0  0025
Lcd_Write_String@a         cstackBANK0  0011
Lcd_Write_String@i         cstackBANK0  0016
ScrollText@i               cstackBANK0  0013
WriteVoltage@decimal       cstackBANK0  0039
WriteVoltage@vTemp         cstackBANK0  0035
WriteVoltage@voltage       cstackBANK0  0037
_DIN                       bssBANK0     003D
_Lcd_Clear                 text5        008E
_Lcd_Cmd                   text17       00AF
_Lcd_Init                  text4        01C2
_Lcd_Port                  text18       00D6
_Lcd_Set_Cursor            text3        0267
_Lcd_Shift_Left            text16       0080
_Lcd_Write_Char            text14       0134
_Lcd_Write_Int             text9        009D
_Lcd_Write_String          text13       015E
_RA1                       (abs)        0029
_RA2                       (abs)        002A
_RA3                       (abs)        002B
_RA4                       (abs)        002C
_RB0                       (abs)        0030
_RB1                       (abs)        0031
_RB2                       (abs)        0032
_RB3                       (abs)        0033
_RB4                       (abs)        0034
_RB6                       (abs)        0036
_ScrollText                text15       010F
_TRISA                     (abs)        0085
_TRISB                     (abs)        0086
_WriteVoltage              text7        0305
__CFG_CP$OFF               (abs)        0000
__CFG_FOSC$XT              (abs)        0000
__CFG_PWRTE$ON             (abs)        0000
__CFG_WDTE$OFF             (abs)        0000
__Habs1                    abs1         0000
__Hbank0                   bank0        0000
__Hbank1                   bank1        0000
__HbssBANK0                bssBANK0     0000
__Hcinit                   cinit        0400
__Hclrtext                 clrtext      0000
__Hcode                    code         0000
__Hcommon                  common       0000
__Hconfig                  config       2008
__HcstackBANK0             cstackBANK0  0000
__HcstackCOMMON            cstackCOMMON 0000
__Heeprom_data             eeprom_data  0000
__Hend_init                end_init     0001
__Hfunctab                 functab      0000
__Hidloc                   idloc        0000
__Hinit                    init         0000
__Hintentry                intentry     0000
__Hmaintext                maintext     0000
__Hpowerup                 powerup      0000
__Hram                     ram          0000
__Hreset_vec               reset_vec    0000
__Hsfr0                    sfr0         0000
__Hsfr1                    sfr1         0000
__Hspace_0                 (abs)        2008
__Hspace_1                 (abs)        003F
__Hspace_2                 (abs)        0000
__Hspace_3                 (abs)        0000
__Hstack                   stack        0000
__Hstrings                 strings      0000
__Htext                    text         0000
__Labs1                    abs1         0000
__Lbank0                   bank0        0000
__Lbank1                   bank1        0000
__LbssBANK0                bssBANK0     0000
__Lcinit                   cinit        03FC
__Lclrtext                 clrtext      0000
__Lcode                    code         0000
__Lcommon                  common       0000
__Lconfig                  config       2007
__LcstackBANK0             cstackBANK0  0000
__LcstackCOMMON            cstackCOMMON 0000
__Leeprom_data             eeprom_data  0000
__Lend_init                end_init     0000
__Lfunctab                 functab      0000
__Lidloc                   idloc        0000
__Linit                    init         0000
__Lintentry                intentry     0000
__Lmaintext                maintext     0000
__Lpowerup                 powerup      0000
__Lram                     ram          0000
__Lreset_vec               reset_vec    0000
__Lsfr0                    sfr0         0000
__Lsfr1                    sfr1         0000
__Lspace_0                 (abs)        0000
__Lspace_1                 (abs)        0000
__Lspace_2                 (abs)        0000
__Lspace_3                 (abs)        0000
__Lstack                   stack        0000
__Lstrings                 strings      0000
__Ltext                    text         0000
__S0                       (abs)        2008
__S1                       (abs)        003F
__S2                       (abs)        0000
__S3                       (abs)        0000
___int_sp                  stack        0000
___latbits                 (abs)        0000
___lwdiv                   text12       022A
___lwdiv@counter           cstackBANK0  0019
___lwdiv@dividend          cstackBANK0  0014
___lwdiv@divisor           cstackBANK0  0012
___lwdiv@quotient          cstackBANK0  0017
___lwmod                   text11       018F
___lwmod@counter           cstackBANK0  0017
___lwmod@dividend          cstackBANK0  0014
___lwmod@divisor           cstackBANK0  0012
___sp                      stack        0000
___wmul                    text8        00ED
___wmul@multiplicand       cstackBANK0  000E
___wmul@multiplier         cstackBANK0  000C
___wmul@product            cstackBANK0  0010
__end_of_Lcd_Clear         text5        009D
__end_of_Lcd_Cmd           text17       00C2
__end_of_Lcd_Init          text4        01F6
__end_of_Lcd_Port          text18       00ED
__end_of_Lcd_Set_Cursor    text3        02A9
__end_of_Lcd_Shift_Left    text16       0085
__end_of_Lcd_Write_Char    text14       015E
__end_of_Lcd_Write_Int     text9        00AF
__end_of_Lcd_Write_String  text13       018F
__end_of_ScrollText        text15       0134
__end_of_WriteVoltage      text7        036C
__end_of___lwdiv           text12       0267
__end_of___lwmod           text11       01C2
__end_of___wmul            text8        010F
__end_of__initialization   cinit        03FE
__end_of__stringtab        strings      0011
__end_of_debounce          text6        008E
__end_of_init              text2        00D6
__end_of_main              maintext     022A
__end_of_readADC           text1        03FC
__end_of_utoa              text10       0305
__initialization           cinit        03FC
__pbssBANK0                bssBANK0     003D
__pcstackBANK0             cstackBANK0  000C
__pcstackCOMMON            cstackCOMMON 0000
__pmaintext                maintext     01F6
__pstrings                 strings      0001
__ptext1                   text1        036C
__ptext10                  text10       02A9
__ptext11                  text11       018F
__ptext12                  text12       022A
__ptext13                  text13       015E
__ptext14                  text14       0134
__ptext15                  text15       010F
__ptext16                  text16       0080
__ptext17                  text17       00AF
__ptext18                  text18       00D6
__ptext2                   text2        00C2
__ptext3                   text3        0267
__ptext4                   text4        01C2
__ptext5                   text5        008E
__ptext6                   text6        0085
__ptext7                   text7        0305
__ptext8                   text8        00ED
__ptext9                   text9        009D
__size_of_Lcd_Clear        (abs)        0000
__size_of_Lcd_Cmd          (abs)        0000
__size_of_Lcd_Init         (abs)        0000
__size_of_Lcd_Port         (abs)        0000
__size_of_Lcd_Set_Cursor   (abs)        0000
__size_of_Lcd_Shift_Left   (abs)        0000
__size_of_Lcd_Write_Char   (abs)        0000
__size_of_Lcd_Write_Int    (abs)        0000
__size_of_Lcd_Write_String (abs)        0000
__size_of_ScrollText       (abs)        0000
__size_of_WriteVoltage     (abs)        0000
__size_of___lwdiv          (abs)        0000
__size_of___lwmod          (abs)        0000
__size_of___wmul           (abs)        0000
__size_of_debounce         (abs)        0000
__size_of_init             (abs)        0000
__size_of_main             (abs)        0000
__size_of_readADC          (abs)        0000
__size_of_utoa             (abs)        0000
__stringbase               strings      0010
__stringtab                strings      0001
_debounce                  text6        0085
_init                      text2        00C2
_main                      maintext     01F6
_readADC                   text1        036C
_utoa                      text10       02A9
btemp                      (abs)        004E
end_of_initialization      cinit        03FE
intlevel0                  functab      0000
intlevel1                  functab      0000
intlevel2                  functab      0000
intlevel3                  functab      0000
intlevel4                  functab      0000
intlevel5                  functab      0000
ltemp                      (abs)        004E
ltemp0                     (abs)        004E
ltemp1                     (abs)        0052
ltemp2                     (abs)        0056
ltemp3                     (abs)        0050
readADC@bits               cstackBANK0  0012
readADC@inputPin           cstackBANK0  000C
readADC@rxData             cstackBANK0  0013
readADC@volt               cstackBANK0  0010
reset_vec                  reset_vec    0000
stackhi                    (abs)        0000
stacklo                    (abs)        0000
start                      init         0000
start_initialization       cinit        03FC
ttemp                      (abs)        004E
ttemp0                     (abs)        004E
ttemp1                     (abs)        0051
ttemp2                     (abs)        0054
ttemp3                     (abs)        0057
ttemp4                     (abs)        004F
utoa@base                  cstackBANK0  001C
utoa@buf                   cstackBANK0  0022
utoa@c                     cstackBANK0  0021
utoa@v                     cstackBANK0  001F
utoa@val                   cstackBANK0  001A
wtemp                      (abs)        004E
wtemp0                     (abs)        004E
wtemp1                     (abs)        0050
wtemp2                     (abs)        0052
wtemp3                     (abs)        0054
wtemp4                     (abs)        0056
wtemp5                     (abs)        0058
wtemp6                     (abs)        004F


FUNCTION INFORMATION:

 *************** function _main *****************
 Defined at:
		line 55 in file "main.c"
 Parameters:    Size  Location     Type
		None
 Auto vars:     Size  Location     Type
		None
 Return value:  Size  Location     Type
                  1    wreg      void 
 Registers used:
		wreg, fsr0l, fsr0h, status,2, status,0, btemp+1, pclath, cstack
 Tracked objects:
		On entry : 
		On exit  : 
		Unchanged: 
 Data sizes:     COMMON   BANK0
      Params:         0       0
      Locals:         0       0
      Temps:          0       2
      Totals:         0       2
Total ram usage:        2 bytes
 Hardware stack levels required when called:    5
 This function calls:
		_Lcd_Clear
		_Lcd_Set_Cursor
		_Lcd_Write_Char
		_ScrollText
		_WriteVoltage
		_debounce
		_init
		_readADC
 This function is called by:
		Startup code after reset
 This function uses a non-reentrant model


 *************** function _readADC *****************
 Defined at:
		line 7 in file "adc.c"
 Parameters:    Size  Location     Type
  inputPin        2    0[BANK0 ] unsigned int 
 Auto vars:     Size  Location     Type
  volt            2    4[BANK0 ] unsigned int 
  rxData          1    7[BANK0 ] unsigned char 
  bits            1    6[BANK0 ] unsigned char 
 Return value:  Size  Location     Type
                  2    0[BANK0 ] unsigned int 
 Registers used:
		wreg, fsr0l, fsr0h, status,2, status,0
 Tracked objects:
		On entry : 
		On exit  : 
		Unchanged: 
 Data sizes:     COMMON   BANK0
      Params:         0       2
      Locals:         0       4
      Temps:          0       2
      Totals:         0       8
Total ram usage:        8 bytes
 Hardware stack levels used:    1
 This function calls:
		Nothing
 This function is called by:
		_main
 This function uses a non-reentrant model


 *************** function _init *****************
 Defined at:
		line 46 in file "main.c"
 Parameters:    Size  Location     Type
		None
 Auto vars:     Size  Location     Type
		None
 Return value:  Size  Location     Type
                  1    wreg      void 
 Registers used:
		wreg, fsr0l, fsr0h, status,2, status,0, btemp+1, pclath, cstack
 Tracked objects:
		On entry : 
		On exit  : 
		Unchanged: 
 Data sizes:     COMMON   BANK0
      Params:         0       0
      Locals:         0       0
      Temps:          0       0
      Totals:         0       0
Total ram usage:        0 bytes
 Hardware stack levels used:    1
 Hardware stack levels required when called:    3
 This function calls:
		_Lcd_Clear
		_Lcd_Init
		_Lcd_Set_Cursor
		_Lcd_Write_String
 This function is called by:
		_main
 This function uses a non-reentrant model


 *************** function _Lcd_Set_Cursor *****************
 Defined at:
		line 51 in file "lcd.c"
 Parameters:    Size  Location     Type
  a               1    wreg     unsigned char 
  b               1    4[BANK0 ] unsigned char 
 Auto vars:     Size  Location     Type
  a               1    7[BANK0 ] unsigned char 
  temp            1   10[BANK0 ] unsigned char 
  y               1    9[BANK0 ] unsigned char 
  z               1    8[BANK0 ] unsigned char 
 Return value:  Size  Location     Type
                  1    wreg      void 
 Registers used:
		wreg, status,2, status,0, pclath, cstack
 Tracked objects:
		On entry : 
		On exit  : 
		Unchanged: 
 Data sizes:     COMMON   BANK0
      Params:         0       1
      Locals:         0       4
      Temps:          0       2
      Totals:         0       7
Total ram usage:        7 bytes
 Hardware stack levels used:    1
 Hardware stack levels required when called:    2
 This function calls:
		_Lcd_Cmd
 This function is called by:
		_init
		_main
 This function uses a non-reentrant model


 *************** function _Lcd_Init *****************
 Defined at:
		line 73 in file "lcd.c"
 Parameters:    Size  Location     Type
		None
 Auto vars:     Size  Location     Type
		None
 Return value:  Size  Location     Type
                  1    wreg      void 
 Registers used:
		wreg, status,2, status,0, pclath, cstack
 Tracked objects:
		On entry : 
		On exit  : 
		Unchanged: 
 Data sizes:     COMMON   BANK0
      Params:         0       0
      Locals:         0       0
      Temps:          0       2
      Totals:         0       2
Total ram usage:        2 bytes
 Hardware stack levels used:    1
 Hardware stack levels required when called:    2
 This function calls:
		_Lcd_Cmd
		_Lcd_Port
 This function is called by:
		_init
 This function uses a non-reentrant model


 *************** function _Lcd_Clear *****************
 Defined at:
		line 43 in file "lcd.c"
 Parameters:    Size  Location     Type
		None
 Auto vars:     Size  Location     Type
		None
 Return value:  Size  Location     Type
                  1    wreg      void 
 Registers used:
		wreg, status,2, status,0, pclath, cstack
 Tracked objects:
		On entry : 
		On exit  : 
		Unchanged: 
 Data sizes:     COMMON   BANK0
      Params:         0       0
      Locals:         0       0
      Temps:          0       2
      Totals:         0       2
Total ram usage:        2 bytes
 Hardware stack levels used:    1
 Hardware stack levels required when called:    2
 This function calls:
		_Lcd_Cmd
 This function is called by:
		_init
		_main
 This function uses a non-reentrant model


 *************** function _debounce *****************
 Defined at:
		line 31 in file "main.c"
 Parameters:    Size  Location     Type
		None
 Auto vars:     Size  Location     Type
		None
 Return value:  Size  Location     Type
                  1    wreg      void 
 Registers used:
		wreg
 Tracked objects:
		On entry : 
		On exit  : 
		Unchanged: 
 Data sizes:     COMMON   BANK0
      Params:         0       0
      Locals:         0       0
      Temps:          0       1
      Totals:         0       1
Total ram usage:        1 bytes
 Hardware stack levels used:    1
 This function calls:
		Nothing
 This function is called by:
		_main
 This function uses a non-reentrant model


 *************** function _WriteVoltage *****************
 Defined at:
		line 13 in file "main.c"
 Parameters:    Size  Location     Type
  vTemp           2   41[BANK0 ] unsigned int 
 Auto vars:     Size  Location     Type
  decimal         2   45[BANK0 ] unsigned int 
  voltage         2   43[BANK0 ] unsigned int 
 Return value:  Size  Location     Type
                  1    wreg      void 
 Registers used:
		wreg, fsr0l, fsr0h, status,2, status,0, btemp+1, pclath, cstack
 Tracked objects:
		On entry : 
		On exit  : 
		Unchanged: 
 Data sizes:     COMMON   BANK0
      Params:         0       2
      Locals:         0       4
      Temps:          0       0
      Totals:         0       6
Total ram usage:        6 bytes
 Hardware stack levels used:    1
 Hardware stack levels required when called:    4
 This function calls:
		_Lcd_Write_Char
		_Lcd_Write_Int
		___lwdiv
		___lwmod
		___wmul
 This function is called by:
		_main
 This function uses a non-reentrant model


 *************** function ___wmul *****************
 Defined at:
		line 15 in file "C:\Program Files (x86)\Microchip\xc8\v1.37\sources\common\Umul16.c"
 Parameters:    Size  Location     Type
  multiplier      2    0[BANK0 ] unsigned int 
  multiplicand    2    2[BANK0 ] unsigned int 
 Auto vars:     Size  Location     Type
  product         2    4[BANK0 ] unsigned int 
 Return value:  Size  Location     Type
                  2    0[BANK0 ] unsigned int 
 Registers used:
		wreg, status,2, status,0
 Tracked objects:
		On entry : 
		On exit  : 
		Unchanged: 
 Data sizes:     COMMON   BANK0
      Params:         0       4
      Locals:         0       2
      Temps:          0       0
      Totals:         0       6
Total ram usage:        6 bytes
 Hardware stack levels used:    1
 This function calls:
		Nothing
 This function is called by:
		_WriteVoltage
 This function uses a non-reentrant model


 *************** function _Lcd_Write_Int *****************
 Defined at:
		line 120 in file "lcd.c"
 Parameters:    Size  Location     Type
  a               2   23[BANK0 ] unsigned int 
 Auto vars:     Size  Location     Type
  temp           16   25[BANK0 ] unsigned char [16]
 Return value:  Size  Location     Type
                  1    wreg      void 
 Registers used:
		wreg, fsr0l, fsr0h, status,2, status,0, btemp+1, pclath, cstack
 Tracked objects:
		On entry : 
		On exit  : 
		Unchanged: 
 Data sizes:     COMMON   BANK0
      Params:         0       2
      Locals:         0      16
      Temps:          0       0
      Totals:         0      18
Total ram usage:       18 bytes
 Hardware stack levels used:    1
 Hardware stack levels required when called:    3
 This function calls:
		_Lcd_Write_String
		_utoa
 This function is called by:
		_WriteVoltage
 This function uses a non-reentrant model


 *************** function _utoa *****************
 Defined at:
		line 17 in file "C:\Program Files (x86)\Microchip\xc8\v1.37\sources\common\itoa.c"
 Parameters:    Size  Location     Type
  buf             1    wreg     PTR unsigned char 
		 -> Lcd_Write_Int@temp(16), 
  val             2   14[BANK0 ] unsigned int 
  base            2   16[BANK0 ] int 
 Auto vars:     Size  Location     Type
  buf             1   22[BANK0 ] PTR unsigned char 
		 -> Lcd_Write_Int@temp(16), 
  v               2   19[BANK0 ] unsigned int 
  c               1   21[BANK0 ] unsigned char 
 Return value:  Size  Location     Type
                  1    wreg      PTR unsigned char 
 Registers used:
		wreg, fsr0l, fsr0h, status,2, status,0, pclath, cstack
 Tracked objects:
		On entry : 
		On exit  : 
		Unchanged: 
 Data sizes:     COMMON   BANK0
      Params:         0       4
      Locals:         0       4
      Temps:          0       1
      Totals:         0       9
Total ram usage:        9 bytes
 Hardware stack levels used:    1
 Hardware stack levels required when called:    1
 This function calls:
		___lwdiv
		___lwmod
 This function is called by:
		_Lcd_Write_Int
 This function uses a non-reentrant model


 *************** function ___lwmod *****************
 Defined at:
		line 6 in file "C:\Program Files (x86)\Microchip\xc8\v1.37\sources\common\lwmod.c"
 Parameters:    Size  Location     Type
  divisor         2    6[BANK0 ] unsigned int 
  dividend        2    8[BANK0 ] unsigned int 
 Auto vars:     Size  Location     Type
  counter         1   11[BANK0 ] unsigned char 
 Return value:  Size  Location     Type
                  2    6[BANK0 ] unsigned int 
 Registers used:
		wreg, status,2, status,0
 Tracked objects:
		On entry : 
		On exit  : 
		Unchanged: 
 Data sizes:     COMMON   BANK0
      Params:         0       4
      Locals:         0       1
      Temps:          0       1
      Totals:         0       6
Total ram usage:        6 bytes
 Hardware stack levels used:    1
 This function calls:
		Nothing
 This function is called by:
		_WriteVoltage
		_utoa
 This function uses a non-reentrant model


 *************** function ___lwdiv *****************
 Defined at:
		line 6 in file "C:\Program Files (x86)\Microchip\xc8\v1.37\sources\common\lwdiv.c"
 Parameters:    Size  Location     Type
  divisor         2    6[BANK0 ] unsigned int 
  dividend        2    8[BANK0 ] unsigned int 
 Auto vars:     Size  Location     Type
  quotient        2   11[BANK0 ] unsigned int 
  counter         1   13[BANK0 ] unsigned char 
 Return value:  Size  Location     Type
                  2    6[BANK0 ] unsigned int 
 Registers used:
		wreg, status,2, status,0
 Tracked objects:
		On entry : 
		On exit  : 
		Unchanged: 
 Data sizes:     COMMON   BANK0
      Params:         0       4
      Locals:         0       3
      Temps:          0       1
      Totals:         0       8
Total ram usage:        8 bytes
 Hardware stack levels used:    1
 This function calls:
		Nothing
 This function is called by:
		_WriteVoltage
		_utoa
 This function uses a non-reentrant model


 *************** function _Lcd_Write_String *****************
 Defined at:
		line 110 in file "lcd.c"
 Parameters:    Size  Location     Type
  a               2    5[BANK0 ] PTR unsigned char 
		 -> Lcd_Write_Int@temp(16), STR_2(22), STR_1(30), 
 Auto vars:     Size  Location     Type
  i               2   10[BANK0 ] int 
 Return value:  Size  Location     Type
                  1    wreg      void 
 Registers used:
		wreg, fsr0l, fsr0h, status,2, status,0, btemp+1, pclath, cstack
 Tracked objects:
		On entry : 
		On exit  : 
		Unchanged: 
 Data sizes:     COMMON   BANK0
      Params:         0       2
      Locals:         0       2
      Temps:          0       3
      Totals:         0       7
Total ram usage:        7 bytes
 Hardware stack levels used:    1
 Hardware stack levels required when called:    2
 This function calls:
		_Lcd_Write_Char
 This function is called by:
		_init
		_Lcd_Write_Int
 This function uses a non-reentrant model


 *************** function _Lcd_Write_Char *****************
 Defined at:
		line 93 in file "lcd.c"
 Parameters:    Size  Location     Type
  a               1    wreg     unsigned char 
 Auto vars:     Size  Location     Type
  a               1    4[BANK0 ] unsigned char 
  y               1    3[BANK0 ] unsigned char 
  temp            1    2[BANK0 ] unsigned char 
 Return value:  Size  Location     Type
                  1    wreg      void 
 Registers used:
		wreg, status,2, status,0, pclath, cstack
 Tracked objects:
		On entry : 
		On exit  : 
		Unchanged: 
 Data sizes:     COMMON   BANK0
      Params:         0       0
      Locals:         0       3
      Temps:          0       1
      Totals:         0       4
Total ram usage:        4 bytes
 Hardware stack levels used:    1
 Hardware stack levels required when called:    1
 This function calls:
		_Lcd_Port
 This function is called by:
		_WriteVoltage
		_main
		_Lcd_Write_String
 This function uses a non-reentrant model


 *************** function _ScrollText *****************
 Defined at:
		line 37 in file "main.c"
 Parameters:    Size  Location     Type
		None
 Auto vars:     Size  Location     Type
  i               2    7[BANK0 ] short 
 Return value:  Size  Location     Type
                  1    wreg      void 
 Registers used:
		wreg, status,2, status,0, btemp+1, pclath, cstack
 Tracked objects:
		On entry : 
		On exit  : 
		Unchanged: 
 Data sizes:     COMMON   BANK0
      Params:         0       0
      Locals:         0       2
      Temps:          0       3
      Totals:         0       5
Total ram usage:        5 bytes
 Hardware stack levels used:    1
 Hardware stack levels required when called:    3
 This function calls:
		_Lcd_Shift_Left
 This function is called by:
		_main
 This function uses a non-reentrant model


 *************** function _Lcd_Shift_Left *****************
 Defined at:
		line 133 in file "lcd.c"
 Parameters:    Size  Location     Type
		None
 Auto vars:     Size  Location     Type
		None
 Return value:  Size  Location     Type
                  1    wreg      void 
 Registers used:
		wreg, status,2, status,0, pclath, cstack
 Tracked objects:
		On entry : 
		On exit  : 
		Unchanged: 
 Data sizes:     COMMON   BANK0
      Params:         0       0
      Locals:         0       0
      Temps:          0       0
      Totals:         0       0
Total ram usage:        0 bytes
 Hardware stack levels used:    1
 Hardware stack levels required when called:    2
 This function calls:
		_Lcd_Cmd
 This function is called by:
		_ScrollText
 This function uses a non-reentrant model


 *************** function _Lcd_Cmd *****************
 Defined at:
		line 30 in file "lcd.c"
 Parameters:    Size  Location     Type
  a               1    wreg     unsigned char 
 Auto vars:     Size  Location     Type
  a               1    3[BANK0 ] unsigned char 
 Return value:  Size  Location     Type
                  1    wreg      void 
 Registers used:
		wreg, status,2, status,0, pclath, cstack
 Tracked objects:
		On entry : 
		On exit  : 
		Unchanged: 
 Data sizes:     COMMON   BANK0
      Params:         0       0
      Locals:         0       1
      Temps:          0       2
      Totals:         0       3
Total ram usage:        3 bytes
 Hardware stack levels used:    1
 Hardware stack levels required when called:    1
 This function calls:
		_Lcd_Port
 This function is called by:
		_Lcd_Clear
		_Lcd_Set_Cursor
		_Lcd_Init
		_Lcd_Shift_Left
		_Lcd_Shift_Right
 This function uses a non-reentrant model


 *************** function _Lcd_Port *****************
 Defined at:
		line 6 in file "lcd.c"
 Parameters:    Size  Location     Type
  a               1    wreg     unsigned char 
 Auto vars:     Size  Location     Type
  a               1    0[BANK0 ] unsigned char 
 Return value:  Size  Location     Type
                  1    wreg      void 
 Registers used:
		wreg
 Tracked objects:
		On entry : 
		On exit  : 
		Unchanged: 
 Data sizes:     COMMON   BANK0
      Params:         0       0
      Locals:         0       1
      Temps:          0       0
      Totals:         0       1
Total ram usage:        1 bytes
 Hardware stack levels used:    1
 This function calls:
		Nothing
 This function is called by:
		_Lcd_Cmd
		_Lcd_Init
		_Lcd_Write_Char
 This function uses a non-reentrant model



MODULE INFORMATION

Module		Function		Class		Link	Load	Size
C:\Program Files (x86)\Microchip\xc8\v1.37\sources\common\Umul16.c
		___wmul        		CODE           	00ED	0000	35

C:\Program Files (x86)\Microchip\xc8\v1.37\sources\common\Umul16.c estimated size: 35

C:\Program Files (x86)\Microchip\xc8\v1.37\sources\common\lwdiv.c
		___lwdiv       		CODE           	022A	0000	62

C:\Program Files (x86)\Microchip\xc8\v1.37\sources\common\lwdiv.c estimated size: 62

adc.c
		_readADC       		CODE           	036C	0000	145

adc.c estimated size: 145

shared
		__stringtab    		STRING         	0001	0000	17
		__initialization		CODE           	03FC	0000	3

shared estimated size: 20

C:\Program Files (x86)\Microchip\xc8\v1.37\sources\common\itoa.c
		_utoa          		CODE           	02A9	0000	93

C:\Program Files (x86)\Microchip\xc8\v1.37\sources\common\itoa.c estimated size: 93

lcd.c
		_Lcd_Write_String		CODE           	015E	0000	50
		_Lcd_Write_Int 		CODE           	009D	0000	19
		_Lcd_Shift_Left		CODE           	0080	0000	6
		_Lcd_Init      		CODE           	01C2	0000	53
		_Lcd_Write_Char		CODE           	0134	0000	43
		_Lcd_Cmd       		CODE           	00AF	0000	20
		_Lcd_Set_Cursor		CODE           	0267	0000	67
		_Lcd_Clear     		CODE           	008E	0000	16
		_Lcd_Port      		CODE           	00D6	0000	24

lcd.c estimated size: 298

main.c
		_init          		CODE           	00C2	0000	21
		_ScrollText    		CODE           	010F	0000	38
		_debounce      		CODE           	0085	0000	10
		_main          		CODE           	01F6	0000	53
		_WriteVoltage  		CODE           	0305	0000	104

main.c estimated size: 226

C:\Program Files (x86)\Microchip\xc8\v1.37\sources\common\lwmod.c
		___lwmod       		CODE           	018F	0000	52

C:\Program Files (x86)\Microchip\xc8\v1.37\sources\common\lwmod.c estimated size: 52

