Microchip MPLAB XC8 Compiler V1.35 ()

Linker command line:

--edf=C:\Program Files (x86)\Microchip\xc8\v1.35\dat\en_msgs.txt -cs \
  -h+dist/default/production\Voltmeter.X.production.sym \
  --cmf=dist/default/production\Voltmeter.X.production.cmf -z -Q16F84A \
  -oC:\Users\lk411\AppData\Local\Temp\s47k.2 \
  -Mdist/default/production/Voltmeter.X.production.map -E1 -ver=XC8 \
  -ASTACK=044h-04dh -pstack=STACK -ACODE=00h-03FFh -ASTRCODE=00h-03FFh \
  -ASTRING=00h-0FFhx4 -ACONST=00h-0FFhx4 -AENTRY=00h-0FFhx4 \
  -ABANK0=0Ch-04Dh -ARAM=0Ch-04Dh -AABS1=0Ch-04Fh -ACOMMON=04Eh-04Fh \
  -ASFR0=00h-0Bh -ASFR1=080h-0CDh -preset_vec=00h,intentry,init,end_init \
  -ppowerup=CODE -pcinit=CODE -pfunctab=CODE -ACONFIG=02007h-02007h \
  -pconfig=CONFIG -DCONFIG=2 -AIDLOC=02000h-02003h -pidloc=IDLOC -DIDLOC=2 \
  -AEEDATA=00h-03Fh/02100h -peeprom_data=EEDATA -DEEDATA=2 -DCODE=2 \
  -DSTRCODE=2 -DSTRING=2 -DCONST=2 -DENTRY=2 -k \
  C:\Users\lk411\AppData\Local\Temp\s47k.obj \
  dist/default/production\Voltmeter.X.production.obj 

Object code version is 3.11

Machine type is 16F84A



                Name                               Link     Load   Length Selector   Space Scale
C:\Users\lk411\AppData\Local\Temp\s47k.obj
                end_init                              0        0        1        0       0
                config                             2007     2007        1     400E       0
dist/default/production\Voltmeter.X.production.obj
                cinit                               3FE      3FE        2      7FC       0
                text13                              10D      10D       17      21A       0
                text12                               FA       FA       13      1F4       0
                text11                               D9       D9        F      1B2       0
                text10                              1D4      1D4       34      3A8       0
                text9                               245      245       42      48A       0
                text8                               146      146       2A      28C       0
                text7                               170      170       31      2E0       0
                text6                               208      208       3D      410       0
                text5                               1A1      1A1       33      342       0
                text4                               2E1      2E1       5C      5C2       0
                text3                                E8       E8       12      1D0       0
                text2                               124      124       22      248       0
                text1                               287      287       5A      50E       0
                maintext                            33D      33D       C1      67A       0
                cstackBANK0                           C        C       38        C       1
                strings                               1        1       19        2       0

TOTAL           Name                               Link     Load   Length     Space
        CLASS   STACK          

        CLASS   CODE           
                end_init                              0        0        1         0
                cinit                               3FE      3FE        2         0
                text13                              10D      10D       17         0
                text12                               FA       FA       13         0
                text11                               D9       D9        F         0
                text10                              1D4      1D4       34         0
                text9                               245      245       42         0
                text8                               146      146       2A         0
                text7                               170      170       31         0
                text6                               208      208       3D         0
                text5                               1A1      1A1       33         0
                text4                               2E1      2E1       5C         0
                text3                                E8       E8       12         0
                text2                               124      124       22         0
                text1                               287      287       5A         0
                maintext                            33D      33D       C1         0

        CLASS   STRCODE        

        CLASS   STRING         
                strings                               1        1       19         0

        CLASS   CONST          

        CLASS   ENTRY          

        CLASS   BANK0          
                cstackBANK0                           C        C       38         1

        CLASS   RAM            

        CLASS   ABS1           
                abs_s1                               4E       4E        2         1

        CLASS   COMMON         

        CLASS   SFR0           

        CLASS   SFR1           

        CLASS   CONFIG         
                config                             2007     2007        1         0

        CLASS   IDLOC          

        CLASS   EEDATA         

        CLASS   BANK1          



SEGMENTS        Name                           Load    Length   Top    Selector   Space  Class     Delta

                reset_vec                      000000  000001  000001         0       0  CODE        2
                strings                        000001  000019  00001A         2       0  STRING      2
                cstackBANK0                    00000C  000038  000044         C       1  BANK0       1
                text11                         0000D9  00000F  0000E8       1B2       0  CODE        2
                text3                          0000E8  000012  0000FA       1D0       0  CODE        2
                text12                         0000FA  000013  00010D       1F4       0  CODE        2
                text13                         00010D  000017  000124       21A       0  CODE        2
                text2                          000124  000022  000146       248       0  CODE        2
                text8                          000146  00002A  000170       28C       0  CODE        2
                text7                          000170  000031  0001A1       2E0       0  CODE        2
                text5                          0001A1  000033  0001D4       342       0  CODE        2
                text10                         0001D4  000034  000208       3A8       0  CODE        2
                text6                          000208  00003D  000245       410       0  CODE        2
                text9                          000245  000042  000287       48A       0  CODE        2
                text1                          000287  00005A  0002E1       50E       0  CODE        2
                text4                          0002E1  00005C  00033D       5C2       0  CODE        2
                maintext                       00033D  0000C1  0003FE       67A       0  CODE        2
                cinit                          0003FE  000002  000400       7FC       0  CODE        2
                config                         002007  000001  002008      400E       0  CONFIG      2


UNUSED ADDRESS RANGES

        Name                Unused          Largest block    Delta
        BANK0            0044-004D              A           1
        CODE             001A-00D8             BF           2
        CONST            001A-00D8             BF           2
        EEDATA           2100-213F             40           2
        ENTRY            001A-00D8             BF           2
        IDLOC            2000-2003              4           2
        RAM              0044-004D              A           1
        SFR0             0000-000B              C           1
        SFR1             0080-00CD             4E           1
        STACK            0044-004D              A           1
        STRCODE          001A-00D8             BF           2
        STRING           001A-00D8             BF           2

                                  Symbol Table

?___lwdiv                  cstackBANK0  001A
?___lwmod                  cstackBANK0  001A
?___wmul                   cstackBANK0  0014
?_readADC                  cstackBANK0  000C
Lcd_Cmd@a                  cstackBANK0  000F
Lcd_Port@a                 cstackBANK0  000C
Lcd_Set_Cursor@a           cstackBANK0  0013
Lcd_Set_Cursor@b           cstackBANK0  0010
Lcd_Set_Cursor@temp        cstackBANK0  0016
Lcd_Set_Cursor@y           cstackBANK0  0015
Lcd_Set_Cursor@z           cstackBANK0  0014
Lcd_Write_Char@a           cstackBANK0  0010
Lcd_Write_Char@temp        cstackBANK0  000E
Lcd_Write_Char@y           cstackBANK0  000F
Lcd_Write_Int@a            cstackBANK0  002B
Lcd_Write_Int@temp         cstackBANK0  002D
Lcd_Write_String@a         cstackBANK0  0011
Lcd_Write_String@i         cstackBANK0  0016
_Lcd_Clear                 text11       00D9
_Lcd_Cmd                   text12       00FA
_Lcd_Init                  text10       01D4
_Lcd_Port                  text13       010D
_Lcd_Set_Cursor            text9        0245
_Lcd_Write_Char            text8        0146
_Lcd_Write_Int             text3        00E8
_Lcd_Write_String          text7        0170
_PORTAbits                 (abs)        0005
_RA1                       (abs)        0029
_RA2                       (abs)        002A
_RA3                       (abs)        002B
_RB0                       (abs)        0030
_RB1                       (abs)        0031
_RB2                       (abs)        0032
_RB3                       (abs)        0033
_RB4                       (abs)        0034
_RB5                       (abs)        0035
_RB6                       (abs)        0036
_TRISA                     (abs)        0085
_TRISB                     (abs)        0086
__CFG_CP$OFF               (abs)        0000
__CFG_FOSC$XT              (abs)        0000
__CFG_PWRTE$ON             (abs)        0000
__CFG_WDTE$OFF             (abs)        0000
__Habs1                    abs1         0000
__Hbank0                   bank0        0000
__Hbank1                   bank1        0000
__Hcinit                   cinit        0400
__Hclrtext                 clrtext      0000
__Hcode                    code         0000
__Hcommon                  common       0000
__Hconfig                  config       2008
__HcstackBANK0             cstackBANK0  0000
__HcstackCOMMON            cstackCOMMON 0000
__Heeprom_data             eeprom_data  0000
__Hend_init                end_init     0001
__Hfunctab                 functab      0000
__Hidloc                   idloc        0000
__Hinit                    init         0000
__Hintentry                intentry     0000
__Hmaintext                maintext     0000
__Hpowerup                 powerup      0000
__Hram                     ram          0000
__Hreset_vec               reset_vec    0000
__Hsfr0                    sfr0         0000
__Hsfr1                    sfr1         0000
__Hspace_0                 (abs)        2008
__Hspace_1                 (abs)        0044
__Hspace_2                 (abs)        0000
__Hspace_3                 (abs)        0000
__Hstack                   stack        0000
__Hstrings                 strings      0000
__Htext                    text         0000
__Labs1                    abs1         0000
__Lbank0                   bank0        0000
__Lbank1                   bank1        0000
__Lcinit                   cinit        03FE
__Lclrtext                 clrtext      0000
__Lcode                    code         0000
__Lcommon                  common       0000
__Lconfig                  config       2007
__LcstackBANK0             cstackBANK0  0000
__LcstackCOMMON            cstackCOMMON 0000
__Leeprom_data             eeprom_data  0000
__Lend_init                end_init     0000
__Lfunctab                 functab      0000
__Lidloc                   idloc        0000
__Linit                    init         0000
__Lintentry                intentry     0000
__Lmaintext                maintext     0000
__Lpowerup                 powerup      0000
__Lram                     ram          0000
__Lreset_vec               reset_vec    0000
__Lsfr0                    sfr0         0000
__Lsfr1                    sfr1         0000
__Lspace_0                 (abs)        0000
__Lspace_1                 (abs)        0000
__Lspace_2                 (abs)        0000
__Lspace_3                 (abs)        0000
__Lstack                   stack        0000
__Lstrings                 strings      0000
__Ltext                    text         0000
__S0                       (abs)        2008
__S1                       (abs)        0044
__S2                       (abs)        0000
__S3                       (abs)        0000
___int_sp                  stack        0000
___latbits                 (abs)        0000
___lwdiv                   text6        0208
___lwdiv@counter           cstackBANK0  0021
___lwdiv@dividend          cstackBANK0  001C
___lwdiv@divisor           cstackBANK0  001A
___lwdiv@quotient          cstackBANK0  001F
___lwmod                   text5        01A1
___lwmod@counter           cstackBANK0  001F
___lwmod@dividend          cstackBANK0  001C
___lwmod@divisor           cstackBANK0  001A
___sp                      stack        0000
___wmul                    text2        0124
___wmul@multiplicand       cstackBANK0  0016
___wmul@multiplier         cstackBANK0  0014
___wmul@product            cstackBANK0  0018
__end_of_Lcd_Clear         text11       00E8
__end_of_Lcd_Cmd           text12       010D
__end_of_Lcd_Init          text10       0208
__end_of_Lcd_Port          text13       0124
__end_of_Lcd_Set_Cursor    text9        0287
__end_of_Lcd_Write_Char    text8        0170
__end_of_Lcd_Write_Int     text3        00FA
__end_of_Lcd_Write_String  text7        01A1
__end_of___lwdiv           text6        0245
__end_of___lwmod           text5        01D4
__end_of___wmul            text2        0146
__end_of__initialization   cinit        03FE
__end_of__stringtab        strings      0011
__end_of_main              maintext     03FE
__end_of_readADC           text1        02E1
__end_of_utoa              text4        033D
__initialization           cinit        03FE
__pcstackBANK0             cstackBANK0  000C
__pcstackCOMMON            cstackCOMMON 0000
__pmaintext                maintext     033D
__pstrings                 strings      0001
__ptext1                   text1        0287
__ptext10                  text10       01D4
__ptext11                  text11       00D9
__ptext12                  text12       00FA
__ptext13                  text13       010D
__ptext2                   text2        0124
__ptext3                   text3        00E8
__ptext4                   text4        02E1
__ptext5                   text5        01A1
__ptext6                   text6        0208
__ptext7                   text7        0170
__ptext8                   text8        0146
__ptext9                   text9        0245
__size_of_Lcd_Clear        (abs)        0000
__size_of_Lcd_Cmd          (abs)        0000
__size_of_Lcd_Init         (abs)        0000
__size_of_Lcd_Port         (abs)        0000
__size_of_Lcd_Set_Cursor   (abs)        0000
__size_of_Lcd_Write_Char   (abs)        0000
__size_of_Lcd_Write_Int    (abs)        0000
__size_of_Lcd_Write_String (abs)        0000
__size_of___lwdiv          (abs)        0000
__size_of___lwmod          (abs)        0000
__size_of___wmul           (abs)        0000
__size_of_main             (abs)        0000
__size_of_readADC          (abs)        0000
__size_of_utoa             (abs)        0000
__stringbase               strings      0010
__stringtab                strings      0001
_main                      maintext     033D
_readADC                   text1        0287
_utoa                      text4        02E1
btemp                      (abs)        004E
end_of_initialization      cinit        03FE
intlevel0                  functab      0000
intlevel1                  functab      0000
intlevel2                  functab      0000
intlevel3                  functab      0000
intlevel4                  functab      0000
intlevel5                  functab      0000
ltemp                      (abs)        004E
ltemp0                     (abs)        004E
ltemp1                     (abs)        0052
ltemp2                     (abs)        0056
ltemp3                     (abs)        0050
main@decimal               cstackBANK0  0042
main@string                cstackBANK0  0041
main@voltage               cstackBANK0  003F
readADC@bits               cstackBANK0  0012
readADC@rxData             cstackBANK0  0013
readADC@volt               cstackBANK0  0010
reset_vec                  reset_vec    0000
stackhi                    (abs)        0000
stacklo                    (abs)        0000
start                      init         0000
start_initialization       cinit        03FE
ttemp                      (abs)        004E
ttemp0                     (abs)        004E
ttemp1                     (abs)        0051
ttemp2                     (abs)        0054
ttemp3                     (abs)        0057
ttemp4                     (abs)        004F
utoa@base                  cstackBANK0  0024
utoa@buf                   cstackBANK0  002A
utoa@c                     cstackBANK0  0029
utoa@v                     cstackBANK0  0027
utoa@val                   cstackBANK0  0022
wtemp                      (abs)        004E
wtemp0                     (abs)        004E
wtemp1                     (abs)        0050
wtemp2                     (abs)        0052
wtemp3                     (abs)        0054
wtemp4                     (abs)        0056
wtemp5                     (abs)        0058
wtemp6                     (abs)        004F


FUNCTION INFORMATION:

 *************** function _main *****************
 Defined at:
		line 14 in file "main.c"
 Parameters:    Size  Location     Type
		None
 Auto vars:     Size  Location     Type
  decimal         2   54[BANK0 ] int 
  string          1   53[BANK0 ] PTR unsigned char 
		 -> STR_1(9), 
  voltage         2   51[BANK0 ] unsigned int 
 Return value:  Size  Location     Type
		None               void
 Registers used:
		wreg, fsr0l, fsr0h, status,2, status,0, btemp+1, pclath, cstack
 Tracked objects:
		On entry : 
		On exit  : 
		Unchanged: 
 Data sizes:     COMMON   BANK0
      Params:         0       0
      Locals:         0       5
      Temps:          0       2
      Totals:         0       7
Total ram usage:        7 bytes
 Hardware stack levels required when called:    4
 This function calls:
		_Lcd_Clear
		_Lcd_Init
		_Lcd_Set_Cursor
		_Lcd_Write_Char
		_Lcd_Write_Int
		_Lcd_Write_String
		___lwdiv
		___lwmod
		___wmul
		_readADC
 This function is called by:
		Startup code after reset
 This function uses a non-reentrant model


 *************** function _readADC *****************
 Defined at:
		line 6 in file "adc.c"
 Parameters:    Size  Location     Type
		None
 Auto vars:     Size  Location     Type
  volt            2    4[BANK0 ] unsigned int 
  rxData          1    7[BANK0 ] unsigned char 
  bits            1    6[BANK0 ] unsigned char 
 Return value:  Size  Location     Type
                  2    0[BANK0 ] unsigned int 
 Registers used:
		wreg, status,2, status,0
 Tracked objects:
		On entry : 
		On exit  : 
		Unchanged: 
 Data sizes:     COMMON   BANK0
      Params:         0       2
      Locals:         0       4
      Temps:          0       2
      Totals:         0       8
Total ram usage:        8 bytes
 Hardware stack levels used:    1
 This function calls:
		Nothing
 This function is called by:
		_main
 This function uses a non-reentrant model


 *************** function ___wmul *****************
 Defined at:
		line 15 in file "C:\Program Files (x86)\Microchip\xc8\v1.35\sources\common\Umul16.c"
 Parameters:    Size  Location     Type
  multiplier      2    8[BANK0 ] unsigned int 
  multiplicand    2   10[BANK0 ] unsigned int 
 Auto vars:     Size  Location     Type
  product         2   12[BANK0 ] unsigned int 
 Return value:  Size  Location     Type
                  2    8[BANK0 ] unsigned int 
 Registers used:
		wreg, status,2, status,0
 Tracked objects:
		On entry : 
		On exit  : 
		Unchanged: 
 Data sizes:     COMMON   BANK0
      Params:         0       4
      Locals:         0       2
      Temps:          0       0
      Totals:         0       6
Total ram usage:        6 bytes
 Hardware stack levels used:    1
 This function calls:
		Nothing
 This function is called by:
		_main
 This function uses a non-reentrant model


 *************** function _Lcd_Write_Int *****************
 Defined at:
		line 120 in file "lcd.c"
 Parameters:    Size  Location     Type
  a               2   31[BANK0 ] unsigned int 
 Auto vars:     Size  Location     Type
  temp           16   33[BANK0 ] unsigned char [16]
 Return value:  Size  Location     Type
		None               void
 Registers used:
		wreg, fsr0l, fsr0h, status,2, status,0, btemp+1, pclath, cstack
 Tracked objects:
		On entry : 
		On exit  : 
		Unchanged: 
 Data sizes:     COMMON   BANK0
      Params:         0       2
      Locals:         0      16
      Temps:          0       0
      Totals:         0      18
Total ram usage:       18 bytes
 Hardware stack levels used:    1
 Hardware stack levels required when called:    3
 This function calls:
		_Lcd_Write_String
		_utoa
 This function is called by:
		_main
 This function uses a non-reentrant model


 *************** function _utoa *****************
 Defined at:
		line 17 in file "C:\Program Files (x86)\Microchip\xc8\v1.35\sources\common\itoa.c"
 Parameters:    Size  Location     Type
  buf             1    wreg     PTR unsigned char 
		 -> Lcd_Write_Int@temp(16), 
  val             2   22[BANK0 ] unsigned int 
  base            2   24[BANK0 ] int 
 Auto vars:     Size  Location     Type
  buf             1   30[BANK0 ] PTR unsigned char 
		 -> Lcd_Write_Int@temp(16), 
  v               2   27[BANK0 ] unsigned int 
  c               1   29[BANK0 ] unsigned char 
 Return value:  Size  Location     Type
                  1    wreg      PTR unsigned char 
 Registers used:
		wreg, fsr0l, fsr0h, status,2, status,0, pclath, cstack
 Tracked objects:
		On entry : 
		On exit  : 
		Unchanged: 
 Data sizes:     COMMON   BANK0
      Params:         0       4
      Locals:         0       4
      Temps:          0       1
      Totals:         0       9
Total ram usage:        9 bytes
 Hardware stack levels used:    1
 Hardware stack levels required when called:    1
 This function calls:
		___lwdiv
		___lwmod
 This function is called by:
		_Lcd_Write_Int
 This function uses a non-reentrant model


 *************** function ___lwmod *****************
 Defined at:
		line 6 in file "C:\Program Files (x86)\Microchip\xc8\v1.35\sources\common\lwmod.c"
 Parameters:    Size  Location     Type
  divisor         2   14[BANK0 ] unsigned int 
  dividend        2   16[BANK0 ] unsigned int 
 Auto vars:     Size  Location     Type
  counter         1   19[BANK0 ] unsigned char 
 Return value:  Size  Location     Type
                  2   14[BANK0 ] unsigned int 
 Registers used:
		wreg, status,2, status,0
 Tracked objects:
		On entry : 
		On exit  : 
		Unchanged: 
 Data sizes:     COMMON   BANK0
      Params:         0       4
      Locals:         0       1
      Temps:          0       1
      Totals:         0       6
Total ram usage:        6 bytes
 Hardware stack levels used:    1
 This function calls:
		Nothing
 This function is called by:
		_main
		_utoa
 This function uses a non-reentrant model


 *************** function ___lwdiv *****************
 Defined at:
		line 6 in file "C:\Program Files (x86)\Microchip\xc8\v1.35\sources\common\lwdiv.c"
 Parameters:    Size  Location     Type
  divisor         2   14[BANK0 ] unsigned int 
  dividend        2   16[BANK0 ] unsigned int 
 Auto vars:     Size  Location     Type
  quotient        2   19[BANK0 ] unsigned int 
  counter         1   21[BANK0 ] unsigned char 
 Return value:  Size  Location     Type
                  2   14[BANK0 ] unsigned int 
 Registers used:
		wreg, status,2, status,0
 Tracked objects:
		On entry : 
		On exit  : 
		Unchanged: 
 Data sizes:     COMMON   BANK0
      Params:         0       4
      Locals:         0       3
      Temps:          0       1
      Totals:         0       8
Total ram usage:        8 bytes
 Hardware stack levels used:    1
 This function calls:
		Nothing
 This function is called by:
		_main
		_utoa
 This function uses a non-reentrant model


 *************** function _Lcd_Write_String *****************
 Defined at:
		line 110 in file "lcd.c"
 Parameters:    Size  Location     Type
  a               2    5[BANK0 ] PTR unsigned char 
		 -> Lcd_Write_Int@temp(16), STR_1(9), 
 Auto vars:     Size  Location     Type
  i               2   10[BANK0 ] int 
 Return value:  Size  Location     Type
		None               void
 Registers used:
		wreg, fsr0l, fsr0h, status,2, status,0, btemp+1, pclath, cstack
 Tracked objects:
		On entry : 
		On exit  : 
		Unchanged: 
 Data sizes:     COMMON   BANK0
      Params:         0       2
      Locals:         0       2
      Temps:          0       3
      Totals:         0       7
Total ram usage:        7 bytes
 Hardware stack levels used:    1
 Hardware stack levels required when called:    2
 This function calls:
		_Lcd_Write_Char
 This function is called by:
		_main
		_Lcd_Write_Int
 This function uses a non-reentrant model


 *************** function _Lcd_Write_Char *****************
 Defined at:
		line 93 in file "lcd.c"
 Parameters:    Size  Location     Type
  a               1    wreg     unsigned char 
 Auto vars:     Size  Location     Type
  a               1    4[BANK0 ] unsigned char 
  y               1    3[BANK0 ] unsigned char 
  temp            1    2[BANK0 ] unsigned char 
 Return value:  Size  Location     Type
		None               void
 Registers used:
		wreg, status,2, status,0, pclath, cstack
 Tracked objects:
		On entry : 
		On exit  : 
		Unchanged: 
 Data sizes:     COMMON   BANK0
      Params:         0       0
      Locals:         0       3
      Temps:          0       1
      Totals:         0       4
Total ram usage:        4 bytes
 Hardware stack levels used:    1
 Hardware stack levels required when called:    1
 This function calls:
		_Lcd_Port
 This function is called by:
		_main
		_Lcd_Write_String
 This function uses a non-reentrant model


 *************** function _Lcd_Set_Cursor *****************
 Defined at:
		line 51 in file "lcd.c"
 Parameters:    Size  Location     Type
  a               1    wreg     unsigned char 
  b               1    4[BANK0 ] unsigned char 
 Auto vars:     Size  Location     Type
  a               1    7[BANK0 ] unsigned char 
  temp            1   10[BANK0 ] unsigned char 
  y               1    9[BANK0 ] unsigned char 
  z               1    8[BANK0 ] unsigned char 
 Return value:  Size  Location     Type
		None               void
 Registers used:
		wreg, status,2, status,0, pclath, cstack
 Tracked objects:
		On entry : 
		On exit  : 
		Unchanged: 
 Data sizes:     COMMON   BANK0
      Params:         0       1
      Locals:         0       4
      Temps:          0       2
      Totals:         0       7
Total ram usage:        7 bytes
 Hardware stack levels used:    1
 Hardware stack levels required when called:    2
 This function calls:
		_Lcd_Cmd
 This function is called by:
		_main
 This function uses a non-reentrant model


 *************** function _Lcd_Init *****************
 Defined at:
		line 73 in file "lcd.c"
 Parameters:    Size  Location     Type
		None
 Auto vars:     Size  Location     Type
		None
 Return value:  Size  Location     Type
		None               void
 Registers used:
		wreg, status,2, status,0, pclath, cstack
 Tracked objects:
		On entry : 
		On exit  : 
		Unchanged: 
 Data sizes:     COMMON   BANK0
      Params:         0       0
      Locals:         0       0
      Temps:          0       2
      Totals:         0       2
Total ram usage:        2 bytes
 Hardware stack levels used:    1
 Hardware stack levels required when called:    2
 This function calls:
		_Lcd_Cmd
		_Lcd_Port
 This function is called by:
		_main
 This function uses a non-reentrant model


 *************** function _Lcd_Clear *****************
 Defined at:
		line 43 in file "lcd.c"
 Parameters:    Size  Location     Type
		None
 Auto vars:     Size  Location     Type
		None
 Return value:  Size  Location     Type
		None               void
 Registers used:
		wreg, status,2, status,0, pclath, cstack
 Tracked objects:
		On entry : 
		On exit  : 
		Unchanged: 
 Data sizes:     COMMON   BANK0
      Params:         0       0
      Locals:         0       0
      Temps:          0       2
      Totals:         0       2
Total ram usage:        2 bytes
 Hardware stack levels used:    1
 Hardware stack levels required when called:    2
 This function calls:
		_Lcd_Cmd
 This function is called by:
		_main
 This function uses a non-reentrant model


 *************** function _Lcd_Cmd *****************
 Defined at:
		line 30 in file "lcd.c"
 Parameters:    Size  Location     Type
  a               1    wreg     unsigned char 
 Auto vars:     Size  Location     Type
  a               1    3[BANK0 ] unsigned char 
 Return value:  Size  Location     Type
		None               void
 Registers used:
		wreg, status,2, status,0, pclath, cstack
 Tracked objects:
		On entry : 
		On exit  : 
		Unchanged: 
 Data sizes:     COMMON   BANK0
      Params:         0       0
      Locals:         0       1
      Temps:          0       2
      Totals:         0       3
Total ram usage:        3 bytes
 Hardware stack levels used:    1
 Hardware stack levels required when called:    1
 This function calls:
		_Lcd_Port
 This function is called by:
		_Lcd_Clear
		_Lcd_Set_Cursor
		_Lcd_Init
		_Lcd_Shift_Right
		_Lcd_Shift_Left
 This function uses a non-reentrant model


 *************** function _Lcd_Port *****************
 Defined at:
		line 6 in file "lcd.c"
 Parameters:    Size  Location     Type
  a               1    wreg     unsigned char 
 Auto vars:     Size  Location     Type
  a               1    0[BANK0 ] unsigned char 
 Return value:  Size  Location     Type
		None               void
 Registers used:
		wreg
 Tracked objects:
		On entry : 
		On exit  : 
		Unchanged: 
 Data sizes:     COMMON   BANK0
      Params:         0       0
      Locals:         0       1
      Temps:          0       0
      Totals:         0       1
Total ram usage:        1 bytes
 Hardware stack levels used:    1
 This function calls:
		Nothing
 This function is called by:
		_Lcd_Cmd
		_Lcd_Init
		_Lcd_Write_Char
 This function uses a non-reentrant model



MODULE INFORMATION

Module		Function		Class		Link	Load	Size
C:\Program Files (x86)\Microchip\xc8\v1.35\sources\common\lwmod.c
		___lwmod       		CODE           	01A1	0000	52

C:\Program Files (x86)\Microchip\xc8\v1.35\sources\common\lwmod.c estimated size: 52

adc.c
		_readADC       		CODE           	0287	0000	91

adc.c estimated size: 91

shared
		__stringtab    		STRING         	0001	0000	17
		__initialization		CODE           	03FE	0000	1

shared estimated size: 18

lcd.c
		_Lcd_Write_String		CODE           	0170	0000	50
		_Lcd_Write_Int 		CODE           	00E8	0000	19
		_Lcd_Init      		CODE           	01D4	0000	53
		_Lcd_Write_Char		CODE           	0146	0000	43
		_Lcd_Cmd       		CODE           	00FA	0000	20
		_Lcd_Set_Cursor		CODE           	0245	0000	67
		_Lcd_Clear     		CODE           	00D9	0000	16
		_Lcd_Port      		CODE           	010D	0000	24

lcd.c estimated size: 292

C:\Program Files (x86)\Microchip\xc8\v1.35\sources\common\itoa.c
		_utoa          		CODE           	02E1	0000	93

C:\Program Files (x86)\Microchip\xc8\v1.35\sources\common\itoa.c estimated size: 93

C:\Program Files (x86)\Microchip\xc8\v1.35\sources\common\lwdiv.c
		___lwdiv       		CODE           	0208	0000	62

C:\Program Files (x86)\Microchip\xc8\v1.35\sources\common\lwdiv.c estimated size: 62

C:\Program Files (x86)\Microchip\xc8\v1.35\sources\common\Umul16.c
		___wmul        		CODE           	0124	0000	35

C:\Program Files (x86)\Microchip\xc8\v1.35\sources\common\Umul16.c estimated size: 35

main.c
		_main          		CODE           	033D	0000	194

main.c estimated size: 194

